fetching git input 'git+file:///etc/nixos'
warning: Git tree '/etc/nixos' is dirty
warning: using or as an identifier is deprecated because it cannot be used in most places (try let or = 1; in or). Use --extra-deprecated-features or-as-identifier to disable this warning.
         at /nix/store/55z53i8nflvx4y9662rc0b6xb9y43b66-source/lib/default.nix:122:9:
            121|         concat
            122|         or
               |         ^
            123|         and
warning: using or as an identifier is deprecated because it cannot be used in most places (try let or = 1; in or). Use --extra-deprecated-features or-as-identifier to disable this warning.
         at /nix/store/55z53i8nflvx4y9662rc0b6xb9y43b66-source/lib/trivial.nix:183:3:
            182|   */
            183|   or = x: y: x || y;
               |   ^
            184|
warning: using or as an identifier is deprecated because it cannot be used in most places (try let or = 1; in or). Use --extra-deprecated-features or-as-identifier to disable this warning.
         at /nix/store/55z53i8nflvx4y9662rc0b6xb9y43b66-source/lib/options.nix:436:18:
            435|     else if all isBool list then
            436|       foldl' lib.or false list
               |                  ^
            437|     else if all isString list then
warning: \/ is an ill-defined escape. You can drop the \ and simply write / instead. Use --extra-deprecated-features broken-string-escape to silence this warning.
         at /nix/store/r8c38iw9ck396yi2xj56zya0wvky4z8g-source/modules/programs/desktoppr.nix:25:81:
             24|           picture = lib.mkOption {
             25|             type = with lib.types; nullOr (either path (strMatching "^http(s)?:\/\/.*$"));
               |                                                                                 ^
             26|             default = null;
warning: \/ is an ill-defined escape. You can drop the \ and simply write / instead. Use --extra-deprecated-features broken-string-escape to silence this warning.
         at /nix/store/r8c38iw9ck396yi2xj56zya0wvky4z8g-source/modules/programs/desktoppr.nix:25:83:
             24|           picture = lib.mkOption {
             25|             type = with lib.types; nullOr (either path (strMatching "^http(s)?:\/\/.*$"));
               |                                                                                   ^
             26|             default = null;
warning: stdenv.isDarwin is deprecated, use stdenv.hostPlatform.isDarwin instead
warning: stdenv.isLinux is deprecated, use stdenv.hostPlatform.isLinux instead
warning: neovimUtils.makeNeovimConfig is deprecated. Use wrapNeovim or wrapNeovimUnstable directly.
error:
       … while calling anonymous lambda
         at /nix/store/yybhs1ybhvk6w56gjywq2x9ipdpx6dd9-source/lib/attrsets.nix:1724:17:
         1723|         zipAttrsWith (
         1724|           name: values:
             |                 ^
         1725|           let

       … while calling the 'head' builtin
         at /nix/store/yybhs1ybhvk6w56gjywq2x9ipdpx6dd9-source/lib/attrsets.nix:1729:13:
         1728|           if length values == 1 || pred here (elemAt values 1) (head values) then
         1729|             head values
             |             ^
         1730|           else

       … while calling anonymous lambda
         at /nix/store/yybhs1ybhvk6w56gjywq2x9ipdpx6dd9-source/lib/attrsets.nix:1195:17:
         1194|         mapAttrs (
         1195|           name: value:
             |                 ^
         1196|           if isAttrs value && cond value then recurse (path ++ [ name ]) value else f (path ++ [ name ]) value

       … from call site
         at /nix/store/yybhs1ybhvk6w56gjywq2x9ipdpx6dd9-source/lib/attrsets.nix:1196:85:
         1195|           name: value:
         1196|           if isAttrs value && cond value then recurse (path ++ [ name ]) value else f (path ++ [ name ]) value
             |                                                                                     ^
         1197|         );

       … while calling anonymous lambda
         at /nix/store/yybhs1ybhvk6w56gjywq2x9ipdpx6dd9-source/lib/modules.nix:282:71:
          281|           # For definitions that have an associated option
          282|           declaredConfig = mapAttrsRecursiveCond (v: !isOption v) (_: v: v.value) options;
             |                                                                       ^
          283|

       … while evaluating the attribute 'value'
         at /nix/store/yybhs1ybhvk6w56gjywq2x9ipdpx6dd9-source/lib/modules.nix:1149:7:
         1148|     // {
         1149|       value = addErrorContext "while evaluating the option `${showOption loc}':" value;
             |       ^
         1150|       inherit (res.defsFinal') highestPrio;

       … while calling the 'addErrorContext' builtin
         at /nix/store/yybhs1ybhvk6w56gjywq2x9ipdpx6dd9-source/lib/modules.nix:1149:15:
         1148|     // {
         1149|       value = addErrorContext "while evaluating the option `${showOption loc}':" value;
             |               ^
         1150|       inherit (res.defsFinal') highestPrio;

       … while evaluating the option `system.build.toplevel':

       … while evaluating the attribute 'mergedValue'
         at /nix/store/yybhs1ybhvk6w56gjywq2x9ipdpx6dd9-source/lib/modules.nix:1246:5:
         1245|     # Type-check the remaining definitions, and merge them. Or throw if no definitions.
         1246|     mergedValue =
             |     ^
         1247|       if isDefined then

       … while evaluating isDefined
         at /nix/store/yybhs1ybhvk6w56gjywq2x9ipdpx6dd9-source/lib/modules.nix:1247:10:
         1246|     mergedValue =
         1247|       if isDefined then
             |          ^
         1248|         if type.merge ? v2 then

       … while evaluating defsFinal
         at /nix/store/yybhs1ybhvk6w56gjywq2x9ipdpx6dd9-source/lib/modules.nix:1310:17:
         1309|
         1310|     isDefined = defsFinal != [ ];
             |                 ^
         1311|

       … while evaluating an expression to select 'values' on it
         at /nix/store/yybhs1ybhvk6w56gjywq2x9ipdpx6dd9-source/lib/modules.nix:1243:17:
         1242|         };
         1243|     defsFinal = defsFinal'.values;
             |                 ^
         1244|

       … while evaluating defsFinal'
         at /nix/store/yybhs1ybhvk6w56gjywq2x9ipdpx6dd9-source/lib/modules.nix:1243:17:
         1242|         };
         1243|     defsFinal = defsFinal'.values;
             |                 ^
         1244|

       … while calling the 'addErrorContext' builtin
         at /nix/store/yybhs1ybhvk6w56gjywq2x9ipdpx6dd9-source/lib/modules.nix:1229:11:
         1228|           in
         1229|           addErrorContext "while evaluating definitions from `${d.file}':" (
             |           ^
         1230|             !(isAttrs d.value && d.value ? _type)

       … while evaluating definitions from `/nix/store/yybhs1ybhvk6w56gjywq2x9ipdpx6dd9-source/nixos/modules/system/activation/top-level.nix':

       … while calling the 'isAttrs' builtin
         at /nix/store/yybhs1ybhvk6w56gjywq2x9ipdpx6dd9-source/lib/modules.nix:1230:15:
         1229|           addErrorContext "while evaluating definitions from `${d.file}':" (
         1230|             !(isAttrs d.value && d.value ? _type)
             |               ^
         1231|           )

       … while evaluating the attribute 'value'
         at /nix/store/yybhs1ybhvk6w56gjywq2x9ipdpx6dd9-source/lib/modules.nix:851:21:
          850|             inherit (module) file;
          851|             inherit value;
             |                     ^
          852|           }) module.config

       … while evaluating system
         at /nix/store/yybhs1ybhvk6w56gjywq2x9ipdpx6dd9-source/nixos/modules/system/activation/top-level.nix:394:79:
          393|     system.build.toplevel =
          394|       if config.system.includeBuildDependencies then systemWithBuildDeps else system;
             |                                                                               ^
          395|

       … while evaluating baseSystemAssertWarn
         at /nix/store/yybhs1ybhvk6w56gjywq2x9ipdpx6dd9-source/nixos/modules/system/activation/top-level.nix:87:7:
           86|       # Avoid IFD if possible, by sidestepping replaceDependencies if no replacements are specified.
           87|       baseSystemAssertWarn
             |       ^
           88|     else

       … from call site
         at /nix/store/yybhs1ybhvk6w56gjywq2x9ipdpx6dd9-source/nixos/modules/system/activation/top-level.nix:78:26:
           77|   # Handle assertions and warnings
           78|   baseSystemAssertWarn = lib.asserts.checkAssertWarn config.assertions config.warnings baseSystem;
             |                          ^
           79|

       … while calling 'checkAssertWarn'
         at /nix/store/yybhs1ybhvk6w56gjywq2x9ipdpx6dd9-source/lib/asserts.nix:196:27:
          195|   checkAssertWarn =
          196|     assertions: warnings: val:
             |                           ^
          197|     let

       … while evaluating failedAssertions
         at /nix/store/yybhs1ybhvk6w56gjywq2x9ipdpx6dd9-source/lib/asserts.nix:200:8:
          199|     in
          200|     if failedAssertions != [ ] then
             |        ^
          201|       throw "\nFailed assertions:\n${concatStringsSep "\n" (map (x: "- ${x}") failedAssertions)}"

       … while calling the 'catAttrs' builtin
         at /nix/store/yybhs1ybhvk6w56gjywq2x9ipdpx6dd9-source/lib/asserts.nix:198:26:
          197|     let
          198|       failedAssertions = catAttrs "message" (filter (x: !x.assertion) assertions);
             |                          ^
          199|     in

       … while evaluating the second argument passed to builtins.catAttrs

       … while calling the 'filter' builtin
         at /nix/store/yybhs1ybhvk6w56gjywq2x9ipdpx6dd9-source/lib/asserts.nix:198:46:
          197|     let
          198|       failedAssertions = catAttrs "message" (filter (x: !x.assertion) assertions);
             |                                              ^
          199|     in

       … while calling anonymous lambda
         at /nix/store/yybhs1ybhvk6w56gjywq2x9ipdpx6dd9-source/lib/asserts.nix:198:54:
          197|     let
          198|       failedAssertions = catAttrs "message" (filter (x: !x.assertion) assertions);
             |                                                      ^
          199|     in

       … while evaluating the attribute 'assertion'
         at /nix/store/yybhs1ybhvk6w56gjywq2x9ipdpx6dd9-source/nixos/modules/config/xdg/portal.nix:136:11:
          135|         {
          136|           assertion = cfg.extraPortals != [ ];
             |           ^
          137|           message = "Setting xdg.portal.enable to true requires a portal implementation in xdg.portal.extraPortals such as xdg-desktop-portal-gtk or xdg-desktop-portal-kde.";

       … from call site
         at /nix/store/yybhs1ybhvk6w56gjywq2x9ipdpx6dd9-source/nixos/modules/config/xdg/portal.nix:136:27:
          135|         {
          136|           assertion = cfg.extraPortals != [ ];
             |                           ^
          137|           message = "Setting xdg.portal.enable to true requires a portal implementation in xdg.portal.extraPortals such as xdg-desktop-portal-gtk or xdg-desktop-portal-kde.";

       … while calling anonymous lambda
         at /nix/store/yybhs1ybhvk6w56gjywq2x9ipdpx6dd9-source/lib/attrsets.nix:1195:17:
         1194|         mapAttrs (
         1195|           name: value:
             |                 ^
         1196|           if isAttrs value && cond value then recurse (path ++ [ name ]) value else f (path ++ [ name ]) value

       … from call site
         at /nix/store/yybhs1ybhvk6w56gjywq2x9ipdpx6dd9-source/lib/attrsets.nix:1196:85:
         1195|           name: value:
         1196|           if isAttrs value && cond value then recurse (path ++ [ name ]) value else f (path ++ [ name ]) value
             |                                                                                     ^
         1197|         );

       … while calling anonymous lambda
         at /nix/store/yybhs1ybhvk6w56gjywq2x9ipdpx6dd9-source/lib/modules.nix:282:71:
          281|           # For definitions that have an associated option
          282|           declaredConfig = mapAttrsRecursiveCond (v: !isOption v) (_: v: v.value) options;
             |                                                                       ^
          283|

       … while evaluating the attribute 'value'
         at /nix/store/yybhs1ybhvk6w56gjywq2x9ipdpx6dd9-source/lib/modules.nix:1149:7:
         1148|     // {
         1149|       value = addErrorContext "while evaluating the option `${showOption loc}':" value;
             |       ^
         1150|       inherit (res.defsFinal') highestPrio;

       … while calling the 'addErrorContext' builtin
         at /nix/store/yybhs1ybhvk6w56gjywq2x9ipdpx6dd9-source/lib/modules.nix:1149:15:
         1148|     // {
         1149|       value = addErrorContext "while evaluating the option `${showOption loc}':" value;
             |               ^
         1150|       inherit (res.defsFinal') highestPrio;

       … while evaluating the option `xdg.portal.extraPortals':

       … while evaluating the attribute 'mergedValue'
         at /nix/store/yybhs1ybhvk6w56gjywq2x9ipdpx6dd9-source/lib/modules.nix:1246:5:
         1245|     # Type-check the remaining definitions, and merge them. Or throw if no definitions.
         1246|     mergedValue =
             |     ^
         1247|       if isDefined then

       … while evaluating isDefined
         at /nix/store/yybhs1ybhvk6w56gjywq2x9ipdpx6dd9-source/lib/modules.nix:1247:10:
         1246|     mergedValue =
         1247|       if isDefined then
             |          ^
         1248|         if type.merge ? v2 then

       … while evaluating defsFinal
         at /nix/store/yybhs1ybhvk6w56gjywq2x9ipdpx6dd9-source/lib/modules.nix:1310:17:
         1309|
         1310|     isDefined = defsFinal != [ ];
             |                 ^
         1311|

       … while evaluating the attribute 'values'
         at /nix/store/yybhs1ybhvk6w56gjywq2x9ipdpx6dd9-source/lib/modules.nix:1240:11:
         1239|         {
         1240|           values = defsSorted;
             |           ^
         1241|           inherit (defsFiltered) highestPrio;

       … while calling the 'any' builtin
         at /nix/store/yybhs1ybhvk6w56gjywq2x9ipdpx6dd9-source/lib/modules.nix:1211:14:
         1210|           # Avoid sorting if we don't have to.
         1211|           if any (def: def.value._type or "" == "order") defsFiltered.values then
             |              ^
         1212|             sortProperties defsFiltered.values

       … while evaluating the second argument passed to builtins.any

       … while evaluating an expression to select 'values' on it
         at /nix/store/yybhs1ybhvk6w56gjywq2x9ipdpx6dd9-source/lib/modules.nix:1211:58:
         1210|           # Avoid sorting if we don't have to.
         1211|           if any (def: def.value._type or "" == "order") defsFiltered.values then
             |                                                          ^
         1212|             sortProperties defsFiltered.values

       … while evaluating defsFiltered
         at /nix/store/yybhs1ybhvk6w56gjywq2x9ipdpx6dd9-source/lib/modules.nix:1211:58:
         1210|           # Avoid sorting if we don't have to.
         1211|           if any (def: def.value._type or "" == "order") defsFiltered.values then
             |                                                          ^
         1212|             sortProperties defsFiltered.values

       … from call site
         at /nix/store/yybhs1ybhvk6w56gjywq2x9ipdpx6dd9-source/lib/modules.nix:1206:24:
         1205|         # Process mkOverride properties.
         1206|         defsFiltered = filterOverrides' defsNormalized;
             |                        ^
         1207|

       … while calling anonymous lambda
         at /nix/store/yybhs1ybhvk6w56gjywq2x9ipdpx6dd9-source/lib/modules.nix:1424:5:
         1423|     in
         1424|     defs:
             |     ^
         1425|     # Optimize for the singleton case, equivalent to the `else` clause.

       … while calling the 'length' builtin
         at /nix/store/yybhs1ybhvk6w56gjywq2x9ipdpx6dd9-source/lib/modules.nix:1426:8:
         1425|     # Optimize for the singleton case, equivalent to the `else` clause.
         1426|     if length defs == 1 then
             |        ^
         1427|       {

       … while evaluating the first argument passed to builtins.length

       … while calling the 'concatMap' builtin
         at /nix/store/yybhs1ybhvk6w56gjywq2x9ipdpx6dd9-source/lib/modules.nix:1191:26:
         1190|         # Process mkMerge and mkIf properties.
         1191|         defsNormalized = concatMap (
             |                          ^
         1192|           m:

       … while calling anonymous lambda
         at /nix/store/yybhs1ybhvk6w56gjywq2x9ipdpx6dd9-source/lib/modules.nix:1192:11:
         1191|         defsNormalized = concatMap (
         1192|           m:
             |           ^
         1193|           map (

       … while calling the 'map' builtin
         at /nix/store/yybhs1ybhvk6w56gjywq2x9ipdpx6dd9-source/lib/modules.nix:1193:11:
         1192|           m:
         1193|           map (
             |           ^
         1194|             value:

       … while evaluating the second argument passed to builtins.map

       … while calling the 'addErrorContext' builtin
         at /nix/store/yybhs1ybhvk6w56gjywq2x9ipdpx6dd9-source/lib/modules.nix:1202:14:
         1201|               }
         1202|           ) (addErrorContext "while evaluating definitions from `${m.file}':" (dischargeProperties m.value))
             |              ^
         1203|         ) defs;

       … while evaluating definitions from `/nix/store/1x5h5dpjh8k8cw2wjm9kgl78wdycjz25-source/modules/defaults.nix, via option den.default.nixos':

       … from call site
         at /nix/store/yybhs1ybhvk6w56gjywq2x9ipdpx6dd9-source/lib/modules.nix:1202:80:
         1201|               }
         1202|           ) (addErrorContext "while evaluating definitions from `${m.file}':" (dischargeProperties m.value))
             |                                                                                ^
         1203|         ) defs;

       … while calling 'dischargeProperties'
         at /nix/store/yybhs1ybhvk6w56gjywq2x9ipdpx6dd9-source/lib/modules.nix:1378:5:
         1377|   dischargeProperties =
         1378|     def:
             |     ^
         1379|     if def._type or "" == "merge" then

       … from call site
         at /nix/store/yybhs1ybhvk6w56gjywq2x9ipdpx6dd9-source/lib/modules.nix:1383:31:
         1382|       if isBool def.condition then
         1383|         if def.condition then dischargeProperties def.content else [ ]
             |                               ^
         1384|       else

       … while calling 'dischargeProperties'
         at /nix/store/yybhs1ybhvk6w56gjywq2x9ipdpx6dd9-source/lib/modules.nix:1378:5:
         1377|   dischargeProperties =
         1378|     def:
             |     ^
         1379|     if def._type or "" == "merge" then

       … while calling the 'isBool' builtin
         at /nix/store/yybhs1ybhvk6w56gjywq2x9ipdpx6dd9-source/lib/modules.nix:1382:10:
         1381|     else if def._type or "" == "if" then
         1382|       if isBool def.condition then
             |          ^
         1383|         if def.condition then dischargeProperties def.content else [ ]

       … while evaluating the attribute 'condition'
         at /nix/store/xaknai40sz4yyy5658prwrwmfycj4xvm-source/lib/modules.nix:1514:13:
         1513|     _type = "if";
         1514|     inherit condition content;
             |             ^
         1515|   };

       … while evaluating an expression to select 'cargoBuildNoDefaultFeatures' on it
         at /nix/store/8a4v63avlzy9z4lj3z5dlib4xh8bq94q-source/flake.nix:502:32:
          501|                 extraPortals = nixpkgs.lib.mkIf (
          502|                   !cfg.package.cargoBuildNoDefaultFeatures
             |                                ^
          503|                   || builtins.elem "xdp-gnome-screencast" cfg.package.cargoBuildFeatures

       … from call site
         at /nix/store/8a4v63avlzy9z4lj3z5dlib4xh8bq94q-source/flake.nix:502:20:
          501|                 extraPortals = nixpkgs.lib.mkIf (
          502|                   !cfg.package.cargoBuildNoDefaultFeatures
             |                    ^
          503|                   || builtins.elem "xdp-gnome-screencast" cfg.package.cargoBuildFeatures

       … while calling anonymous lambda
         at /nix/store/yybhs1ybhvk6w56gjywq2x9ipdpx6dd9-source/lib/attrsets.nix:1195:17:
         1194|         mapAttrs (
         1195|           name: value:
             |                 ^
         1196|           if isAttrs value && cond value then recurse (path ++ [ name ]) value else f (path ++ [ name ]) value

       … from call site
         at /nix/store/yybhs1ybhvk6w56gjywq2x9ipdpx6dd9-source/lib/attrsets.nix:1196:85:
         1195|           name: value:
         1196|           if isAttrs value && cond value then recurse (path ++ [ name ]) value else f (path ++ [ name ]) value
             |                                                                                     ^
         1197|         );

       … while calling anonymous lambda
         at /nix/store/yybhs1ybhvk6w56gjywq2x9ipdpx6dd9-source/lib/modules.nix:282:71:
          281|           # For definitions that have an associated option
          282|           declaredConfig = mapAttrsRecursiveCond (v: !isOption v) (_: v: v.value) options;
             |                                                                       ^
          283|

       … while evaluating the attribute 'value'
         at /nix/store/yybhs1ybhvk6w56gjywq2x9ipdpx6dd9-source/lib/modules.nix:1149:7:
         1148|     // {
         1149|       value = addErrorContext "while evaluating the option `${showOption loc}':" value;
             |       ^
         1150|       inherit (res.defsFinal') highestPrio;

       … while calling the 'addErrorContext' builtin
         at /nix/store/yybhs1ybhvk6w56gjywq2x9ipdpx6dd9-source/lib/modules.nix:1149:15:
         1148|     // {
         1149|       value = addErrorContext "while evaluating the option `${showOption loc}':" value;
             |               ^
         1150|       inherit (res.defsFinal') highestPrio;

       … while evaluating the option `programs.niri.package':

       … while evaluating the attribute 'mergedValue'
         at /nix/store/yybhs1ybhvk6w56gjywq2x9ipdpx6dd9-source/lib/modules.nix:1246:5:
         1245|     # Type-check the remaining definitions, and merge them. Or throw if no definitions.
         1246|     mergedValue =
             |     ^
         1247|       if isDefined then

       … while evaluating isDefined
         at /nix/store/yybhs1ybhvk6w56gjywq2x9ipdpx6dd9-source/lib/modules.nix:1247:10:
         1246|     mergedValue =
         1247|       if isDefined then
             |          ^
         1248|         if type.merge ? v2 then

       … while evaluating defsFinal
         at /nix/store/yybhs1ybhvk6w56gjywq2x9ipdpx6dd9-source/lib/modules.nix:1310:17:
         1309|
         1310|     isDefined = defsFinal != [ ];
             |                 ^
         1311|

       … while evaluating the attribute 'values'
         at /nix/store/yybhs1ybhvk6w56gjywq2x9ipdpx6dd9-source/lib/modules.nix:1240:11:
         1239|         {
         1240|           values = defsSorted;
             |           ^
         1241|           inherit (defsFiltered) highestPrio;

       … while calling the 'any' builtin
         at /nix/store/yybhs1ybhvk6w56gjywq2x9ipdpx6dd9-source/lib/modules.nix:1211:14:
         1210|           # Avoid sorting if we don't have to.
         1211|           if any (def: def.value._type or "" == "order") defsFiltered.values then
             |              ^
         1212|             sortProperties defsFiltered.values

       … while calling anonymous lambda
         at /nix/store/yybhs1ybhvk6w56gjywq2x9ipdpx6dd9-source/lib/modules.nix:1211:19:
         1210|           # Avoid sorting if we don't have to.
         1211|           if any (def: def.value._type or "" == "order") defsFiltered.values then
             |                   ^
         1212|             sortProperties defsFiltered.values

       … while evaluating the attribute 'value._type'
         at /nix/store/yybhs1ybhvk6w56gjywq2x9ipdpx6dd9-source/lib/modules.nix:1422:67:
         1421|       strip =
         1422|         def: if def.value._type or "" == "override" then def // { value = def.value.content; } else def;
             |                                                                   ^
         1423|     in

       … while evaluating an expression to select '_type' on it
         at /nix/store/yybhs1ybhvk6w56gjywq2x9ipdpx6dd9-source/lib/modules.nix:1211:34:
         1210|           # Avoid sorting if we don't have to.
         1211|           if any (def: def.value._type or "" == "order") defsFiltered.values then
             |                                  ^
         1212|             sortProperties defsFiltered.values

       … while evaluating the attribute 'value.content'
         at /nix/store/yybhs1ybhvk6w56gjywq2x9ipdpx6dd9-source/lib/modules.nix:1566:22:
         1565|     _type = "override";
         1566|     inherit priority content;
             |                      ^
         1567|   };

       … while evaluating the attribute 'default'
         at /nix/store/8a4v63avlzy9z4lj3z5dlib4xh8bq94q-source/flake.nix:468:15:
          467|               type = nixpkgs.lib.types.package;
          468|               default = (make-package-set pkgs).niri-stable;
             |               ^
          469|               description = "The niri package to use.";

       … while evaluating the attribute 'niri-stable'
         at /nix/store/8a4v63avlzy9z4lj3z5dlib4xh8bq94q-source/flake.nix:307:9:
          306|       make-package-set = pkgs: {
          307|         niri-stable = pkgs.callPackage make-niri {
             |         ^
          308|           src = inputs.niri-stable;

       … from call site
         at /nix/store/8a4v63avlzy9z4lj3z5dlib4xh8bq94q-source/flake.nix:307:23:
          306|       make-package-set = pkgs: {
          307|         niri-stable = pkgs.callPackage make-niri {
             |                       ^
          308|           src = inputs.niri-stable;

       … while calling anonymous lambda
         at /nix/store/yybhs1ybhvk6w56gjywq2x9ipdpx6dd9-source/lib/customisation.nix:308:19:
          307|     in
          308|     autoArgs: fn: args:
             |                   ^
          309|     let

       … while calling a functor (an attribute set with a '__functor' attribute)
         at /nix/store/yybhs1ybhvk6w56gjywq2x9ipdpx6dd9-source/lib/customisation.nix:323:7:
          322|     if unpassedArgs == { } || all (value: value) (attrValues unpassedArgs) then
          323|       makeOverridable f allArgs
             |       ^
          324|     else

       … from call site
         at /nix/store/yybhs1ybhvk6w56gjywq2x9ipdpx6dd9-source/lib/trivial.nix:1183:7:
         1182|     g: {
         1183|       __functor = self: g;
             |       ^
         1184|       __functionArgs = fArgs;

       … while calling 'f''
         at /nix/store/yybhs1ybhvk6w56gjywq2x9ipdpx6dd9-source/lib/customisation.nix:159:9:
          158|       f' =
          159|         origArgs:
             |         ^
          160|         let

       … while calling the 'isAttrs' builtin
         at /nix/store/yybhs1ybhvk6w56gjywq2x9ipdpx6dd9-source/lib/customisation.nix:175:12:
          174|         in
          175|         if isAttrs result then
             |            ^
          176|           result

       … from call site
         at /nix/store/yybhs1ybhvk6w56gjywq2x9ipdpx6dd9-source/lib/customisation.nix:161:20:
          160|         let
          161|           result = f origArgs;
             |                    ^
          162|

       … while calling 'make-niri'
         at /nix/store/8a4v63avlzy9z4lj3z5dlib4xh8bq94q-source/flake.nix:75:9:
           74|       make-niri =
           75|         {
             |         ^
           76|           src,

       … while evaluating an expression to select 'version' on it
         at /nix/store/8a4v63avlzy9z4lj3z5dlib4xh8bq94q-source/flake.nix:103:16:
          102|         }:
          103|         assert libdisplay-info_0_2.version == "0.2.0";
             |                ^
          104|         rustPlatform.buildRustPackage {

       … while evaluating libdisplay-info_0_2
         at /nix/store/8a4v63avlzy9z4lj3z5dlib4xh8bq94q-source/flake.nix:103:16:
          102|         }:
          103|         assert libdisplay-info_0_2.version == "0.2.0";
             |                ^
          104|         rustPlatform.buildRustPackage {

       … from call site
         at /nix/store/8a4v63avlzy9z4lj3z5dlib4xh8bq94q-source/flake.nix:103:16:
          102|         }:
          103|         assert libdisplay-info_0_2.version == "0.2.0";
             |                ^
          104|         rustPlatform.buildRustPackage {

       … while calling anonymous lambda
         at /nix/store/yybhs1ybhvk6w56gjywq2x9ipdpx6dd9-source/pkgs/top-level/aliases.nix:217:31:
          216|   mapAliases =
          217|     aliases: lib.mapAttrs (n: alias: removeRecurseForDerivations (checkInPkgs n alias)) aliases;
             |                               ^
          218|

       … from call site
         at /nix/store/yybhs1ybhvk6w56gjywq2x9ipdpx6dd9-source/pkgs/top-level/aliases.nix:217:38:
          216|   mapAliases =
          217|     aliases: lib.mapAttrs (n: alias: removeRecurseForDerivations (checkInPkgs n alias)) aliases;
             |                                      ^
          218|

       … while calling 'removeRecurseForDerivations'
         at /nix/store/yybhs1ybhvk6w56gjywq2x9ipdpx6dd9-source/pkgs/top-level/aliases.nix:25:5:
           24|   removeRecurseForDerivations =
           25|     alias:
             |     ^
           26|     if alias.recurseForDerivations or false then

       … while evaluating an expression to select 'recurseForDerivations' on it
         at /nix/store/yybhs1ybhvk6w56gjywq2x9ipdpx6dd9-source/pkgs/top-level/aliases.nix:26:8:
           25|     alias:
           26|     if alias.recurseForDerivations or false then
             |        ^
           27|       lib.removeAttrs alias [ "recurseForDerivations" ]

       … while evaluating alias
         at /nix/store/yybhs1ybhvk6w56gjywq2x9ipdpx6dd9-source/pkgs/top-level/aliases.nix:26:8:
           25|     alias:
           26|     if alias.recurseForDerivations or false then
             |        ^
           27|       lib.removeAttrs alias [ "recurseForDerivations" ]

       … from call site
         at /nix/store/yybhs1ybhvk6w56gjywq2x9ipdpx6dd9-source/pkgs/top-level/aliases.nix:217:67:
          216|   mapAliases =
          217|     aliases: lib.mapAttrs (n: alias: removeRecurseForDerivations (checkInPkgs n alias)) aliases;
             |                                                                   ^
          218|

       … while calling 'checkInPkgs'
         at /nix/store/yybhs1ybhvk6w56gjywq2x9ipdpx6dd9-source/pkgs/top-level/aliases.nix:213:8:
          212|   checkInPkgs =
          213|     n: alias:
             |        ^
          214|     if builtins.hasAttr n super then abort "Alias ${n} is still in all-packages.nix" else alias;

       … while evaluating alias
         at /nix/store/yybhs1ybhvk6w56gjywq2x9ipdpx6dd9-source/pkgs/top-level/aliases.nix:214:91:
          213|     n: alias:
          214|     if builtins.hasAttr n super then abort "Alias ${n} is still in all-packages.nix" else alias;
             |                                                                                           ^
          215|

       … caused by explicit throw
         at /nix/store/yybhs1ybhvk6w56gjywq2x9ipdpx6dd9-source/pkgs/top-level/aliases.nix:1286:25:
         1285|   libdevil-nox = throw "libdevil has been removed, as it was unmaintained in Nixpkgs and upstream since 2017"; # Added 2025-09-16
         1286|   libdisplay-info_0_2 = throw "`libdisplay-info_0_2` has been removed as it is was unused in Nixpkgs. Consider upgrading to `libdisplay-info_0_3` or `libdisplay-info` instead"; # Added 2026-08-04
             |                         ^
         1287|   libdwarf-lite = throw "`libdwarf-lite` has been replaced by `libdwarf` as it's mostly a mirror"; # Added 2025-06-16

       error: `libdisplay-info_0_2` has been removed as it is was unused in Nixpkgs. Consider upgrading to `libdisplay-info_0_3` or `libdisplay-info` instead
